test_binary64_minimality_across_exponents (test_bottleneck.BottleneckTests.test_binary64_minimality_across_exponents) ... ok
test_budget_counters_accumulate_across_filtration_passes (test_bottleneck.BottleneckTests.test_budget_counters_accumulate_across_filtration_passes) ... ok
test_custom_metaclass_cannot_run_during_sequence_rejection (test_bottleneck.BottleneckTests.test_custom_metaclass_cannot_run_during_sequence_rejection) ... ok
test_display_is_independent_of_ambient_decimal_context (test_bottleneck.BottleneckTests.test_display_is_independent_of_ambient_decimal_context) ... ok
test_display_is_independent_of_mutable_decimal_default_context (test_bottleneck.BottleneckTests.test_display_is_independent_of_mutable_decimal_default_context) ... ok
test_each_budget_phase_is_inconclusive (test_bottleneck.BottleneckTests.test_each_budget_phase_is_inconclusive) ... ok
test_irrational_threshold_and_positive_subnormal_minimum (test_bottleneck.BottleneckTests.test_irrational_threshold_and_positive_subnormal_minimum) ... ok
test_minimum_total_distance_is_not_minimum_bottleneck (test_bottleneck.BottleneckTests.test_minimum_total_distance_is_not_minimum_bottleneck) ... ok
test_no_finite_binary64_radius_can_cover_extreme_pair (test_bottleneck.BottleneckTests.test_no_finite_binary64_radius_can_cover_extreme_pair) ... ok
test_small_seeded_cases_against_permutation_oracle (test_bottleneck.BottleneckTests.test_small_seeded_cases_against_permutation_oracle) ... ok
test_unequal_sizes_and_invalid_input (test_bottleneck.BottleneckTests.test_unequal_sizes_and_invalid_input) ... ok
test_zero_empty_and_duplicate_optima (test_bottleneck.BottleneckTests.test_zero_empty_and_duplicate_optima) ... ok
test_second_original_length_checked_before_first_coordinate (test_bottleneck_verify.BottleneckPrevalidationTests.test_second_original_length_checked_before_first_coordinate) ... ok
test_accepts_irrational_threshold_with_exact_binary64_ceiling (test_bottleneck_verify.BottleneckVerificationTests.test_accepts_irrational_threshold_with_exact_binary64_ceiling) ... ok
test_accepts_q9_exact_optimum_with_strict_hall (test_bottleneck_verify.BottleneckVerificationTests.test_accepts_q9_exact_optimum_with_strict_hall) ... ok
test_accepts_zero_empty_duplicates_and_models (test_bottleneck_verify.BottleneckVerificationTests.test_accepts_zero_empty_duplicates_and_models) ... ok
test_binary64_answer_must_be_minimal_and_not_missing (test_bottleneck_verify.BottleneckVerificationTests.test_binary64_answer_must_be_minimal_and_not_missing) ... ok
test_budget_is_cumulative_across_matching_and_strict_neighborhood (test_bottleneck_verify.BottleneckVerificationTests.test_budget_is_cumulative_across_matching_and_strict_neighborhood) ... ok
test_canonical_rational_malformed_bounded_is_invalid (test_bottleneck_verify.BottleneckVerificationTests.test_canonical_rational_malformed_bounded_is_invalid) ... ok
test_limited_candidate_does_not_become_valid (test_bottleneck_verify.BottleneckVerificationTests.test_limited_candidate_does_not_become_valid) ... ok
test_malformed_threshold_type_cannot_run_callback (test_bottleneck_verify.BottleneckVerificationTests.test_malformed_threshold_type_cannot_run_callback) ... ok
test_no_finite_tolerance_for_opposite_maximum_values (test_bottleneck_verify.BottleneckVerificationTests.test_no_finite_tolerance_for_opposite_maximum_values) ... ok
test_positive_q_requires_hall_and_zero_q_forbids_negative_lower_bound_claim (test_bottleneck_verify.BottleneckVerificationTests.test_positive_q_requires_hall_and_zero_q_forbids_negative_lower_bound_claim) ... ok
test_rational_character_bounds_precede_fraction_construction (test_bottleneck_verify.BottleneckVerificationTests.test_rational_character_bounds_precede_fraction_construction) ... ok
test_rejects_feasible_but_nonoptimal_threshold (test_bottleneck_verify.BottleneckVerificationTests.test_rejects_feasible_but_nonoptimal_threshold) ... ok
test_rejects_missing_strict_neighbor (test_bottleneck_verify.BottleneckVerificationTests.test_rejects_missing_strict_neighbor) ... ok
test_size_mismatch_is_only_valid_for_unequal_original_sizes (test_bottleneck_verify.BottleneckVerificationTests.test_size_mismatch_is_only_valid_for_unequal_original_sizes) ... ok
test_strict_hall_need_not_have_maximum_deficiency (test_bottleneck_verify.BottleneckVerificationTests.test_strict_hall_need_not_have_maximum_deficiency) ... ok
test_threshold_must_make_all_supplied_pairs_feasible (test_bottleneck_verify.BottleneckVerificationTests.test_threshold_must_make_all_supplied_pairs_feasible) ... ok
test_zero_requires_positive_zero_not_negative_or_missing (test_bottleneck_verify.BottleneckVerificationTests.test_zero_requires_positive_zero_not_negative_or_missing) ... ok
test_smallest_subnormal_and_extreme_optima_survive_supported_640_digit_limit (test_bottleneck_verify.RestrictedIntegerConversionTests.test_smallest_subnormal_and_extreme_optima_survive_supported_640_digit_limit) ... ok
test_solver_generation_works_under_640_digit_limit (test_bottleneck_verify.RestrictedIntegerGenerationTests.test_solver_generation_works_under_640_digit_limit) ... ok
test_missing_builtin_model_slots_are_invalid (test_bottleneck_verify.UninitializedBottleneckModelTests.test_missing_builtin_model_slots_are_invalid) ... ok
test_bottleneck_and_verify_roundtrip (test_cli.CLITests.test_bottleneck_and_verify_roundtrip) ... ok
test_compare_verify_roundtrip_and_unknown_certificate_fields (test_cli.CLITests.test_compare_verify_roundtrip_and_unknown_certificate_fields) ... ok
test_documented_json_examples (test_cli.CLITests.test_documented_json_examples) ... ok
test_embedded_nul_path_is_invalid_before_filesystem_calls (test_cli.CLITests.test_embedded_nul_path_is_invalid_before_filesystem_calls) ... ok
test_existing_output_is_not_overwritten (test_cli.CLITests.test_existing_output_is_not_overwritten) ... ok
test_input_output_alias (test_cli.CLITests.test_input_output_alias) ... ok
test_invalid_wall_budget (test_cli.CLITests.test_invalid_wall_budget) ... ok
test_matched_is_independently_verified_and_deterministic (test_cli.CLITests.test_matched_is_independently_verified_and_deterministic) ... ok
test_mismatch_and_size_exit_codes (test_cli.CLITests.test_mismatch_and_size_exit_codes) ... ok
test_output_symlink_loop_is_filesystem_error (test_cli.CLITests.test_output_symlink_loop_is_filesystem_error) ... ok
test_resource_exhaustion_is_inconclusive (test_cli.CLITests.test_resource_exhaustion_is_inconclusive) ... ok
test_stdin_file_alias_is_refused (test_cli.CLITests.test_stdin_file_alias_is_refused) ... ok
test_strict_input_rejection (test_cli.CLITests.test_strict_input_rejection) ... ok
test_symlink_error_adapter_does_not_hide_unrelated_runtime_errors (test_cli.CLITests.test_symlink_error_adapter_does_not_hide_unrelated_runtime_errors) ... ok
test_verification_exhaustion_preserves_candidate_without_verified_claim (test_cli.CLITests.test_verification_exhaustion_preserves_candidate_without_verified_claim) ... ok
test_zero_wall_budget_is_inconclusive (test_cli.CLITests.test_zero_wall_budget_is_inconclusive) ... ok
test_all_36_permutation_pairs_preserve_verdict (test_compare.ComparisonTests.test_all_36_permutation_pairs_preserve_verdict) ... ok
test_custom_metaclass_cannot_run_during_sequence_rejection (test_compare.ComparisonTests.test_custom_metaclass_cannot_run_during_sequence_rejection) ... ok
test_duplicate_shortage_has_maximum_pairing_and_hall_witness (test_compare.ComparisonTests.test_duplicate_shortage_has_maximum_pairing_and_hall_witness) ... ok
test_empty_and_unequal_size (test_compare.ComparisonTests.test_empty_and_unequal_size) ... ok
test_exact_common_value_must_remain_reassignable (test_compare.ComparisonTests.test_exact_common_value_must_remain_reassignable) ... ok
test_exhaustion_never_reports_partial_verdict (test_compare.ComparisonTests.test_exhaustion_never_reports_partial_verdict) ... ok
test_invalid_coordinates_are_not_hidden_by_size_mismatch (test_compare.ComparisonTests.test_invalid_coordinates_are_not_hidden_by_size_mismatch) ... ok
test_overlapping_tolerance_requires_global_matching (test_compare.ComparisonTests.test_overlapping_tolerance_requires_global_matching) ... ok
test_repeated_outputs_are_byte_stable (test_compare.ComparisonTests.test_repeated_outputs_are_byte_stable) ... ok
test_atol_must_be_nonnegative_finite_real (test_contract.ContractTests.test_atol_must_be_nonnegative_finite_real) ... ok
test_bool_and_custom_numeric_types_are_rejected (test_contract.ContractTests.test_bool_and_custom_numeric_types_are_rejected) ... ok
test_budget_charges_before_work_and_preserves_exact_boundary (test_contract.ContractTests.test_budget_charges_before_work_and_preserves_exact_boundary) ... ok
test_budget_phase_mapping_and_invalid_units (test_contract.ContractTests.test_budget_phase_mapping_and_invalid_units) ... ok
test_builtin_bounded_sequence_only (test_contract.ContractTests.test_builtin_bounded_sequence_only) ... ok
test_invalid_and_unknown_limits_rejected (test_contract.ContractTests.test_invalid_and_unknown_limits_rejected) ... ok
test_length_limit_checked_before_coordinate_conversion (test_contract.ContractTests.test_length_limit_checked_before_coordinate_conversion) ... ok
test_limits_have_fixed_hard_caps (test_contract.ContractTests.test_limits_have_fixed_hard_caps) ... ok
test_nonfinite_coordinate_rejection (test_contract.ContractTests.test_nonfinite_coordinate_rejection) ... ok
test_only_exactly_binary64_representable_builtin_integers (test_contract.ContractTests.test_only_exactly_binary64_representable_builtin_integers) ... ok
test_point_constructor_preserves_coordinate_invariants (test_contract.ContractTests.test_point_constructor_preserves_coordinate_invariants) ... ok
test_points_are_exact_canonical_and_signed_zero_is_normalized (test_contract.ContractTests.test_points_are_exact_canonical_and_signed_zero_is_normalized) ... ok
test_invalid_status_and_verified_claim_rejected (test_contract.ModelTests.test_invalid_status_and_verified_claim_rejected) ... ok
test_models_reject_mutable_custom_and_bool_integer_fields (test_contract.ModelTests.test_models_reject_mutable_custom_and_bool_integer_fields) ... ok
test_nested_aliases_are_copied_and_frozen (test_contract.ModelTests.test_nested_aliases_are_copied_and_frozen) ... ok
test_oversized_evidence_rejected_before_reading_elements (test_contract.ModelTests.test_oversized_evidence_rejected_before_reading_elements) ... ok
test_resource_evidence_copies_exception (test_contract.ModelTests.test_resource_evidence_copies_exception) ... ok
test_resource_limited_cannot_carry_a_claimed_solution (test_contract.ModelTests.test_resource_limited_cannot_carry_a_claimed_solution) ... ok
test_resource_limited_preserves_original_overlong_input_sizes (test_contract.ModelTests.test_resource_limited_preserves_original_overlong_input_sizes) ... ok
test_results_never_offer_a_truth_value (test_contract.ModelTests.test_results_never_offer_a_truth_value) ... ok
test_exact_box_minimum_inside_faces_and_corners (test_geometry.GeometryTests.test_exact_box_minimum_inside_faces_and_corners) ... ok
test_opposite_extreme_points_do_not_overflow (test_geometry.GeometryTests.test_opposite_extreme_points_do_not_overflow) ... ok
test_seeded_ten_thousand_integer_cross_product_predicates (test_geometry.GeometryTests.test_seeded_ten_thousand_integer_cross_product_predicates) ... ok
test_subnormal_complex_distance_does_not_underflow (test_geometry.GeometryTests.test_subnormal_complex_distance_does_not_underflow) ... ok
test_three_four_five_boundary_and_nextafter (test_geometry.GeometryTests.test_three_four_five_boundary_and_nextafter) ... ok
test_verification_survives_disabled_optimizer (test_independence.IndependenceTests.test_verification_survives_disabled_optimizer) ... ok
test_verifier_does_not_import_optimizer (test_independence.IndependenceTests.test_verifier_does_not_import_optimizer) ... ok
test_augmenting_path_longer_than_python_recursion_limit (test_matching.MatchingTests.test_augmenting_path_longer_than_python_recursion_limit) ... ok
test_empty_and_rectangular_graphs (test_matching.MatchingTests.test_empty_and_rectangular_graphs) ... ok
test_every_graph_up_to_three_by_three_matches_independent_oracle (test_matching.MatchingTests.test_every_graph_up_to_three_by_three_matches_independent_oracle) ... ok
test_hall_contains_all_neighbors_for_duplicate_shortage (test_matching.MatchingTests.test_hall_contains_all_neighbors_for_duplicate_shortage) ... ok
test_matching_cap_charged_before_next_operation (test_matching.MatchingTests.test_matching_cap_charged_before_next_operation) ... ok
test_matching_exact_work_boundary (test_matching.MatchingTests.test_matching_exact_work_boundary) ... ok
test_reassignment_produces_perfect_matching (test_matching.MatchingTests.test_reassignment_produces_perfect_matching) ... ok
test_only_the_explicit_runtime_package_is_discovered (test_packaging.PackagingMetadataTests.test_only_the_explicit_runtime_package_is_discovered) ... ok
test_diagnostic_example (test_public_api.PublicAPITests.test_diagnostic_example) ... ok
test_public_example_and_explicit_verification (test_public_api.PublicAPITests.test_public_example_and_explicit_verification) ... ok
test_result_truth_requires_explicit_status (test_public_api.PublicAPITests.test_result_truth_requires_explicit_status) ... ok
test_capacity_profiles_are_explicit_and_bounded (test_qualification.QualificationOracleTests.test_capacity_profiles_are_explicit_and_bounded) ... ok
test_five_baselines_preserve_positive_and_negative_controls (test_qualification.QualificationOracleTests.test_five_baselines_preserve_positive_and_negative_controls) ... ok
test_frozen_case_counts_and_identities (test_qualification.QualificationOracleTests.test_frozen_case_counts_and_identities) ... ok
test_integer_cross_product_exact_boundaries (test_qualification.QualificationOracleTests.test_integer_cross_product_exact_boundaries) ... ok
test_least_binary64_tolerance_oracle (test_qualification.QualificationOracleTests.test_least_binary64_tolerance_oracle) ... ok
test_pair_and_hall_oracle_rejects_omitted_neighbors (test_qualification.QualificationOracleTests.test_pair_and_hall_oracle_rejects_omitted_neighbors) ... ok
test_permutation_bottleneck_uses_maximum_not_sum (test_qualification.QualificationOracleTests.test_permutation_bottleneck_uses_maximum_not_sum) ... ok
test_subset_oracle_reassigns_and_preserves_multiplicity (test_qualification.QualificationOracleTests.test_subset_oracle_reassigns_and_preserves_multiplicity) ... ok
test_atomic_no_clobber_handles_competing_writer (test_resource_limits.ResourceLimitTests.test_atomic_no_clobber_handles_competing_writer) ... ok
test_bounded_reader_reads_only_limit_plus_one (test_resource_limits.ResourceLimitTests.test_bounded_reader_reads_only_limit_plus_one) ... ok
test_codec_duplicate_nested_keys_and_noncanonical_hex (test_resource_limits.ResourceLimitTests.test_codec_duplicate_nested_keys_and_noncanonical_hex) ... ok
test_interrupted_write_does_not_publish_partial_result (test_resource_limits.ResourceLimitTests.test_interrupted_write_does_not_publish_partial_result) ... ok
test_json_nesting_is_rejected_without_recursion_error (test_resource_limits.ResourceLimitTests.test_json_nesting_is_rejected_without_recursion_error) ... ok
test_serializer_rejects_arbitrary_hooks (test_resource_limits.ResourceLimitTests.test_serializer_rejects_arbitrary_hooks) ... ok
test_serializer_rejects_metaclass_comparison_without_callback (test_resource_limits.ResourceLimitTests.test_serializer_rejects_metaclass_comparison_without_callback) ... ok
test_stdout_failure_is_error_without_retrying_broken_stream (test_resource_limits.ResourceLimitTests.test_stdout_failure_is_error_without_retrying_broken_stream) ... ok
test_supervisor_terminates_delayed_worker_and_joins (test_resource_limits.ResourceLimitTests.test_supervisor_terminates_delayed_worker_and_joins) ... ok
test_verify_certificate_raw_bytes_are_bounded_before_json_parse (test_resource_limits.ResourceLimitTests.test_verify_certificate_raw_bytes_are_bounded_before_json_parse) ... ok
test_verify_original_input_raw_bytes_have_separate_bound (test_resource_limits.ResourceLimitTests.test_verify_original_input_raw_bytes_have_separate_bound) ... ok
test_worker_crash_is_an_error_and_success_returns_bytes (test_resource_limits.ResourceLimitTests.test_worker_crash_is_an_error_and_success_returns_bytes) ... ok
test_worker_protocol_rejects_success_without_certificate_or_verification (test_resource_limits.ResourceLimitTests.test_worker_protocol_rejects_success_without_certificate_or_verification) ... ok
test_coincident_points_keep_every_occurrence (test_spatial.SpatialTests.test_coincident_points_keep_every_occurrence) ... ok
test_each_cap_stops_before_next_unit (test_spatial.SpatialTests.test_each_cap_stops_before_next_unit) ... ok
test_empty_sides (test_spatial.SpatialTests.test_empty_sides) ... ok
test_equal_coordinate_sort_charges_each_scalar_comparison (test_spatial.SpatialTests.test_equal_coordinate_sort_charges_each_scalar_comparison) ... ok
test_exact_next_operation_boundaries (test_spatial.SpatialTests.test_exact_next_operation_boundaries) ... ok
test_extreme_and_subnormal_coordinates (test_spatial.SpatialTests.test_extreme_and_subnormal_coordinates) ... ok
test_seeded_indexed_graph_equals_complete_graph (test_spatial.SpatialTests.test_seeded_indexed_graph_equals_complete_graph) ... ok
test_vertical_clusters_and_boundary_circles (test_spatial.SpatialTests.test_vertical_clusters_and_boundary_circles) ... ok
test_all_indices_checked_before_distance_arithmetic (test_verify.AdversarialPrevalidationTests.test_all_indices_checked_before_distance_arithmetic) ... ok
test_count_arity_three_is_malformed_not_resource_exhaustion (test_verify.AdversarialPrevalidationTests.test_count_arity_three_is_malformed_not_resource_exhaustion) ... ok
test_counter_keys_and_resource_evidence_are_bounded (test_verify.AdversarialPrevalidationTests.test_counter_keys_and_resource_evidence_are_bounded) ... ok
test_dictionary_keys_and_field_count_checked_before_any_lookup (test_verify.AdversarialPrevalidationTests.test_dictionary_keys_and_field_count_checked_before_any_lookup) ... ok
test_hostile_metaclass_does_not_run_during_container_type_check (test_verify.AdversarialPrevalidationTests.test_hostile_metaclass_does_not_run_during_container_type_check) ... ok
test_pair_arity_three_is_malformed_not_resource_exhaustion (test_verify.AdversarialPrevalidationTests.test_pair_arity_three_is_malformed_not_resource_exhaustion) ... ok
test_second_original_length_checked_before_first_coordinate (test_verify.AdversarialPrevalidationTests.test_second_original_length_checked_before_first_coordinate) ... ok
test_pair_storage_hard_maximum_is_calibrated_to_62500 (test_verify.BottleneckEnvelopeCalibrationTests.test_pair_storage_hard_maximum_is_calibrated_to_62500) ... ok
test_bounded_helpers_reject_oversize_before_integer_arithmetic (test_verify.BoundedDecimalConversionTests.test_bounded_helpers_reject_oversize_before_integer_arithmetic) ... ok
test_bounded_helpers_roundtrip_at_8192_bits_under_640_digit_limit (test_verify.BoundedDecimalConversionTests.test_bounded_helpers_roundtrip_at_8192_bits_under_640_digit_limit) ... ok
test_accepts_positive_empty_and_duplicate_bijections (test_verify.ComparisonVerificationTests.test_accepts_positive_empty_and_duplicate_bijections) ... ok
test_accepts_real_hall_shortage_without_isolated_occurrences (test_verify.ComparisonVerificationTests.test_accepts_real_hall_shortage_without_isolated_occurrences) ... ok
test_extra_hall_neighbor_rejected_even_if_deficiency_claim_matches (test_verify.ComparisonVerificationTests.test_extra_hall_neighbor_rejected_even_if_deficiency_claim_matches) ... ok
test_independence_is_enforced_in_source (test_verify.ComparisonVerificationTests.test_independence_is_enforced_in_source) ... ok
test_models_are_accepted_only_as_exact_builtin_types (test_verify.ComparisonVerificationTests.test_models_are_accepted_only_as_exact_builtin_types) ... ok
test_omitted_neighbor_is_rejected_from_original_inputs (test_verify.ComparisonVerificationTests.test_omitted_neighbor_is_rejected_from_original_inputs) ... ok
test_oversized_certificates_are_resource_limited (test_verify.ComparisonVerificationTests.test_oversized_certificates_are_resource_limited) ... ok
test_rejects_corrupt_positive_certificates (test_verify.ComparisonVerificationTests.test_rejects_corrupt_positive_certificates) ... ok
test_rejects_custom_original_input_without_running_it (test_verify.ComparisonVerificationTests.test_rejects_custom_original_input_without_running_it) ... ok
test_rejects_illegal_distance_and_wrong_original_inputs (test_verify.ComparisonVerificationTests.test_rejects_illegal_distance_and_wrong_original_inputs) ... ok
test_rejects_malformed_bounded_certificate_fields_before_callbacks (test_verify.ComparisonVerificationTests.test_rejects_malformed_bounded_certificate_fields_before_callbacks) ... ok
test_rejects_non_builtin_certificate_without_callbacks (test_verify.ComparisonVerificationTests.test_rejects_non_builtin_certificate_without_callbacks) ... ok
test_rejects_wrong_hall_shape_or_shortage (test_verify.ComparisonVerificationTests.test_rejects_wrong_hall_shape_or_shortage) ... ok
test_resource_limited_candidate_never_acquires_numerical_validity (test_verify.ComparisonVerificationTests.test_resource_limited_candidate_never_acquires_numerical_validity) ... ok
test_size_mismatch_certificate_checks_original_sizes_and_all_input_values (test_verify.ComparisonVerificationTests.test_size_mismatch_certificate_checks_original_sizes_and_all_input_values) ... ok
test_verifier_budget_charges_before_each_exact_pair_check (test_verify.ComparisonVerificationTests.test_verifier_budget_charges_before_each_exact_pair_check) ... ok
test_reported_counter_cannot_exceed_its_hard_phase_maximum (test_verify.CounterSchemaTests.test_reported_counter_cannot_exceed_its_hard_phase_maximum) ... ok
test_contract_and_model_guards_never_call_metaclass_equality (test_verify.PublicTypeGuardTests.test_contract_and_model_guards_never_call_metaclass_equality) ... ok
test_missing_builtin_model_slots_are_invalid_without_attribute_leaks (test_verify.UninitializedModelTests.test_missing_builtin_model_slots_are_invalid_without_attribute_leaks) ... ok

----------------------------------------------------------------------
Ran 154 tests in 10.807s

OK
